../Core/Src/main.c:74:13:PWM_SetDuty	6
../Core/Src/main.c:90:26:TCA_Select	2
../Core/Src/main.c:96:26:AS5600_ReadRaw	3
../Core/Src/main.c:105:5:__io_putchar	1
../Core/Src/main.c:117:5:main	11
../Core/Src/main.c:293:6:SystemClock_Config	3
../Core/Src/main.c:340:13:MX_ADC1_Init	5
../Core/Src/main.c:391:13:MX_I2C1_Init	2
../Core/Src/main.c:425:13:MX_TIM1_Init	5
../Core/Src/main.c:490:13:MX_TIM3_Init	4
../Core/Src/main.c:539:13:MX_TIM4_Init	4
../Core/Src/main.c:588:13:MX_USART2_UART_Init	2
../Core/Src/main.c:619:13:MX_DMA_Init	1
../Core/Src/main.c:637:13:MX_GPIO_Init	1
../Core/Src/main.c:679:6:Error_Handler	1
