../Core/Src/main.c:74:13:PWM_SetDuty	6
../Core/Src/main.c:80:21:adc_to_duty	3
../Core/Src/main.c:90:26:TCA_Select	2
../Core/Src/main.c:96:26:AS5600_ReadRaw	3
../Core/Src/main.c:105:5:__io_putchar	1
../Core/Src/main.c:117:5:main	7
../Core/Src/main.c:228:6:SystemClock_Config	3
../Core/Src/main.c:275:13:MX_ADC1_Init	5
../Core/Src/main.c:326:13:MX_I2C1_Init	2
../Core/Src/main.c:360:13:MX_TIM1_Init	5
../Core/Src/main.c:425:13:MX_TIM3_Init	4
../Core/Src/main.c:474:13:MX_TIM4_Init	4
../Core/Src/main.c:523:13:MX_USART2_UART_Init	2
../Core/Src/main.c:554:13:MX_DMA_Init	1
../Core/Src/main.c:572:13:MX_GPIO_Init	1
../Core/Src/main.c:614:6:Error_Handler	1
