../Core/Src/main.c:74:13:PWM_SetDuty	32	static
../Core/Src/main.c:80:21:adc_to_duty	24	static
../Core/Src/main.c:90:26:TCA_Select	32	static
../Core/Src/main.c:96:26:AS5600_ReadRaw	32	static
../Core/Src/main.c:105:5:__io_putchar	16	static
../Core/Src/main.c:117:5:main	136	static
../Core/Src/main.c:228:6:SystemClock_Config	88	static
../Core/Src/main.c:275:13:MX_ADC1_Init	24	static
../Core/Src/main.c:326:13:MX_I2C1_Init	8	static
../Core/Src/main.c:360:13:MX_TIM1_Init	80	static
../Core/Src/main.c:425:13:MX_TIM3_Init	48	static
../Core/Src/main.c:474:13:MX_TIM4_Init	48	static
../Core/Src/main.c:523:13:MX_USART2_UART_Init	8	static
../Core/Src/main.c:554:13:MX_DMA_Init	16	static
../Core/Src/main.c:572:13:MX_GPIO_Init	48	static
../Core/Src/main.c:614:6:Error_Handler	4	static,ignoring_inline_asm
