../Core/Src/main.c:74:13:PWM_SetDuty	32	static
../Core/Src/main.c:90:26:TCA_Select	32	static
../Core/Src/main.c:96:26:AS5600_ReadRaw	32	static
../Core/Src/main.c:105:5:__io_putchar	16	static
../Core/Src/main.c:117:5:main	112	static
../Core/Src/main.c:290:6:SystemClock_Config	88	static
../Core/Src/main.c:337:13:MX_ADC1_Init	24	static
../Core/Src/main.c:388:13:MX_I2C1_Init	8	static
../Core/Src/main.c:422:13:MX_TIM1_Init	80	static
../Core/Src/main.c:487:13:MX_TIM3_Init	48	static
../Core/Src/main.c:536:13:MX_TIM4_Init	48	static
../Core/Src/main.c:585:13:MX_USART2_UART_Init	8	static
../Core/Src/main.c:616:13:MX_DMA_Init	16	static
../Core/Src/main.c:634:13:MX_GPIO_Init	48	static
../Core/Src/main.c:676:6:Error_Handler	4	static,ignoring_inline_asm
